INFO     root:test_lab2.py:11 TEST CASE 1: RF1(NEGATIVE)
INFO     root:test_lab2.py:26  The purchase result is:  Error: Quantity for 'Laptop' must be an integer greater than 0.
INFO     root:test_lab2.py:32 TEST CASE 2: RF3(NEGATIVE)
INFO     root:test_lab2.py:47  The purchase result is: Purchase completed.
Itms:
Laptop: 1 x $1000
Mouse: 2 x $50
Coupon: DISCOUNT30
Shipping Addresss: Av. Patria 
Total to payy: $770.00
INFO     root:test_lab2.py:53 TEST CASE 3: RF9(POSITIVE)
INFO     root:test_lab2.py:68  The purchase result is: Purchase completed.
Itms:
Laptop: 1 x $1000
Mouse: 2 x $50
Coupon: DISCOUNT10
Shipping Addresss: Av. Patria 
Total to payy: $935.00
